08:04:11 [App     ] OpenMVS x64 v2.4.0
08:04:12 [App     ] Build date: Jan 20 2026, 00:13:37
08:04:12 [App     ] CPU: Intel(R) Core(TM) i9-14900HX (32 cores)
08:04:12 [App     ] RAM: 127.71GB Physical Memory 128.00TB Virtual Memory
08:04:12 [App     ] OS: Windows 11+ x64
08:04:12 [App     ] Disk: 1.62TB (1.86TB) space
08:04:12 [App     ] SSE & AVX compatible CPU & OS detected
08:04:12 [App     ] Command line: DensifyPointCloud --help
08:04:12 [App     ] Available options:

Generic options:
  -h [ --help ]                         produce this help message
  -w [ --working-folder ] arg           working directory (default current 
                                        directory)
  -c [ --config-file ] arg (=DensifyPointCloud.cfg)
                                        file name containing program options
  --archive-type arg (=-1)              project archive type: -1-interface, 
                                        0-text, 1-binary, 2-compressed binary
  --process-priority arg (=-1)          process priority (below normal by 
                                        default)
  --max-threads arg (=0)                maximum number of threads (0 for using 
                                        all available cores)
  -v [ --verbosity ] arg (=2)           verbosity level

Densify options:
  -i [ --input-file ] arg               input filename containing camera poses 
                                        and image list
  -p [ --pointcloud-file ] arg          sparse point-cloud with views file name
                                        to densify (overwrite existing 
                                        point-cloud)
  -m [ --mask-path ] arg                path to folder containing mask images 
                                        with '.mask.png' extension
  -o [ --output-file ] arg              output filename for storing the dense 
                                        point-cloud (optional)
  --view-neighbors-file arg             input filename containing the list of 
                                        views and their neighbors (optional)
  --output-view-neighbors-file arg      output filename containing the 
                                        generated list of views and their 
                                        neighbors
  --resolution-level arg (=1)           how many times to scale down the images
                                        before point-cloud computation
  --max-resolution arg (=2560)          do not scale images higher than this 
                                        resolution
  --min-resolution arg (=640)           do not scale images lower than this 
                                        resolution
  --sub-resolution-levels arg (=2)      number of patch-match sub-resolution 
                                        iterations (0 - disabled)
  --number-views arg (=5)               number of views used for depth-map 
                                        estimation (0 - all neighbor views 
                                        available)
  --number-views-fuse arg (=2)          minimum number of images that agrees 
                                        with an estimate during fusion in order
                                        to consider it inlier (<2 - only merge 
                                        depth-maps)
  --ignore-mask-label arg (=-1)         label value to ignore in the image 
                                        mask, stored in the MVS scene or next 
                                        to each image with '.mask.png' 
                                        extension (<0 - disabled)
  --iters arg (=3)                      number of patch-match iterations
  --geometric-iters arg (=2)            number of geometric consistent 
                                        patch-match iterations (0 - disabled)
  --estimate-colors arg (=2)            estimate the colors for the dense 
                                        point-cloud (0 - disabled, 1 - final, 2
                                        - estimate)
  --estimate-normals arg (=2)           estimate the normals for the dense 
                                        point-cloud (0 - disabled, 1 - final, 2
                                        - estimate)
  --estimate-scale arg (=0)             estimate the point-scale for the dense 
                                        point-cloud (scale multiplier, 0 - 
                                        disabled)
  --estimate-segmentation arg (=0)      estimate segmentation of the dense 
                                        point-cloud based on the image 
                                        segmentation masks; num views to agree 
                                        (0 - disabled, <0 - only segmentation)
  --sub-scene-area arg (=0)             split the scene in sub-scenes such that
                                        each sub-scene surface does not exceed 
                                        the given maximum sampling area (0 - 
                                        disabled)
  --sample-mesh arg (=0)                uniformly samples points on a mesh (0 -
                                        disabled, <0 - number of points, >0 - 
                                        sample density per square unit)
  --fusion-mode arg (=0)                depth-maps fusion mode (-2 - fuse 
                                        disparity-maps, -1 - export 
                                        disparity-maps only, 0 - depth-maps & 
                                        fusion, 1 - export depth-maps only)
  --fusion-filter arg (=2)              filter used to fuse the depth-maps (0 -
                                        merge, 1 - fuse, 2 - dense-fuse)
  -t [ --fusion-depth-diff-threshold ] arg (=0.00999999978)
                                        maximum variance allowed for the depths
                                        during fusion
  -d [ --fusion-reprojection-threshold ] arg (=1.20000005)
                                        dense-fuse maximum distance between 
                                        measured and depth projected pixel
  --postprocess-dmaps arg (=0)          flags used to filter the depth-maps 
                                        after estimation (0 - disabled, 1 - 
                                        remove-speckles, 2 - fill-gaps, 4 - 
                                        adjust-confidence)
  --filter-point-cloud arg (=0)         filter dense point-cloud based on 
                                        visibility (0 - disabled)
  --export-number-views arg (=0)        export points with >= number of views 
                                        (0 - disabled, <0 - save MVS project 
                                        too)
  --roi-border arg (=0)                 add a border to the region-of-interest 
                                        when cropping the scene (0 - disabled, 
                                        >0 - percentage, <0 - absolute)
  --estimate-roi arg (=1.10000002)      estimate and set region-of-interest (0 
                                        - disabled)
  --crop-to-roi arg (=1)                crop scene using the region-of-interest
  --up-axis arg (=-1)                   set the up-axis for ROI estimation and 
                                        tower-mode (0 - X, 1 - Y, 2 - Z, <0 - 
                                        undefined)
  --remove-dmaps arg (=0)               remove depth-maps after fusion
  --tower-mode arg (=4)                 add a cylinder of points in the center 
                                        of ROI; scene assume to be Z-up 
                                        oriented (0 - disabled, 1 - replace, 2 
                                        - append, 3 - select neighbors, 4 - 
                                        select neighbors & append, <0 - force 
                                        tower mode)
  --normalize-coordinates arg (=0)      normalize scene coordinates and output 
                                        the inverse transform to file (0 - 
                                        disabled, 1 - center, 2 - center & 
                                        scale)
08:04:12 [App     ] MEMORYINFO: {
08:04:12 [App     ] 	PageFaultCount 2352
08:04:12 [App     ] 	PeakWorkingSetSize 8.82MB
08:04:12 [App     ] 	WorkingSetSize 8.77MB
08:04:12 [App     ] 	QuotaPeakPagedPoolUsage 99.68KB
08:04:12 [App     ] 	QuotaPagedPoolUsage 99.59KB
08:04:12 [App     ] 	QuotaPeakNonPagedPoolUsage 15.01KB
08:04:12 [App     ] 	QuotaNonPagedPoolUsage 14.88KB
08:04:12 [App     ] 	PagefileUsage 2.54MB
08:04:12 [App     ] 	PeakPagefileUsage 2.59MB
08:04:12 [App     ] } ENDINFO
